// Jest Snapshot v1, https://goo.gl/fbAQLP

exports[`SearchPage component renders correctly 1`] = `
Object {
  "asFragment": [Function],
}
`;
